// Vitest Snapshot v1, https://vitest.dev/guide/snapshot.html

exports[`<GridContent/> > should render grid content 1`] = `
.c2 {
  text-align: center;
  padding: 0;
  margin: 0 auto;
}

.c4 {
  margin: 0;
}

.c0 {
  background-color: #FFFFFF;
  color: #0A1128;
  border-bottom: 0.2rem solid #DDDDDD;
  min-height: 100vh;
  display: flex;
  align-items: center;
}

.c1 {
  max-width: 120rem;
  margin: 0 auto;
  padding: 2.4rem;
}

.c3 {
  color: #0A1128;
  font-size: 4.0rem;
  text-transform: uppercase;
}

.c5 {
  font-size: 2.4rem;
}

<div>
  <section
    class="c0"
  >
    <div
      class="c1"
    >
      <div
        class="c2"
      >
        <h1
          class="c3"
        >
          Grid content
        </h1>
        <div
          class="c4"
        >
          <div
            class="c5"
          />
        </div>
      </div>
    </div>
  </section>
</div>
`;
